Archive member included because of file (symbol)

c:/program files (x86)/atmel/atmel studio 6.0/extensions/atmel/avrgcc/3.3.2.31/avrtoolchain/bin/../lib/gcc/avr32/4.4.3/../../../../avr32/lib/ucr2\libc.a(lib_a-memcpy.o)
                              src/asf/avr32/drivers/flashc/flashc.o (memcpy)

Discarded input sections

 .text          0x00000000        0x0 src/asf/avr32/boards/evk1100/init.o
 .data          0x00000000        0x0 src/asf/avr32/boards/evk1100/init.o
 .bss           0x00000000        0x0 src/asf/avr32/boards/evk1100/init.o
 .text          0x00000000        0x0 src/asf/avr32/drivers/flashc/flashc.o
 .data          0x00000000        0x0 src/asf/avr32/drivers/flashc/flashc.o
 .bss           0x00000000        0x0 src/asf/avr32/drivers/flashc/flashc.o
 .text.flashc_get_flash_size
                0x00000000       0x34 src/asf/avr32/drivers/flashc/flashc.o
 .text.flashc_get_page_count
                0x00000000       0x10 src/asf/avr32/drivers/flashc/flashc.o
 .text.flashc_get_page_count_per_region
                0x00000000       0x10 src/asf/avr32/drivers/flashc/flashc.o
 .text.flashc_get_region_first_page_number
                0x00000000       0x14 src/asf/avr32/drivers/flashc/flashc.o
 .text.flashc_get_wait_state
                0x00000000        0xc src/asf/avr32/drivers/flashc/flashc.o
 .text.flashc_is_ready_int_enabled
                0x00000000        0xc src/asf/avr32/drivers/flashc/flashc.o
 .text.flashc_enable_ready_int
                0x00000000        0xe src/asf/avr32/drivers/flashc/flashc.o
 .text.flashc_is_lock_error_int_enabled
                0x00000000        0xc src/asf/avr32/drivers/flashc/flashc.o
 .text.flashc_enable_lock_error_int
                0x00000000        0xe src/asf/avr32/drivers/flashc/flashc.o
 .text.flashc_is_prog_error_int_enabled
                0x00000000        0xc src/asf/avr32/drivers/flashc/flashc.o
 .text.flashc_enable_prog_error_int
                0x00000000        0xe src/asf/avr32/drivers/flashc/flashc.o
 .text.flashc_is_ready
                0x00000000        0xc src/asf/avr32/drivers/flashc/flashc.o
 .text.flashc_default_wait_until_ready
                0x00000000       0x10 src/asf/avr32/drivers/flashc/flashc.o
 .text.flashc_is_lock_error
                0x00000000       0x10 src/asf/avr32/drivers/flashc/flashc.o
 .text.flashc_is_programming_error
                0x00000000       0x10 src/asf/avr32/drivers/flashc/flashc.o
 .text.flashc_get_command
                0x00000000        0xc src/asf/avr32/drivers/flashc/flashc.o
 .text.flashc_get_page_number
                0x00000000        0xc src/asf/avr32/drivers/flashc/flashc.o
 .text.flashc_get_page_region
                0x00000000       0x28 src/asf/avr32/drivers/flashc/flashc.o
 .text.flashc_issue_command
                0x00000000       0x48 src/asf/avr32/drivers/flashc/flashc.o
 .text.flashc_no_operation
                0x00000000       0x10 src/asf/avr32/drivers/flashc/flashc.o
 .text.flashc_erase_all
                0x00000000       0x10 src/asf/avr32/drivers/flashc/flashc.o
 .text.flashc_is_security_bit_active
                0x00000000        0xc src/asf/avr32/drivers/flashc/flashc.o
 .text.flashc_activate_security_bit
                0x00000000       0x10 src/asf/avr32/drivers/flashc/flashc.o
 .text.flashc_is_region_locked
                0x00000000       0x1a src/asf/avr32/drivers/flashc/flashc.o
 .text.flashc_is_page_region_locked
                0x00000000       0x14 src/asf/avr32/drivers/flashc/flashc.o
 .text.flashc_lock_page_region
                0x00000000       0x1c src/asf/avr32/drivers/flashc/flashc.o
 .text.flashc_lock_region
                0x00000000       0x1c src/asf/avr32/drivers/flashc/flashc.o
 .text.flashc_lock_all_regions
                0x00000000       0x2c src/asf/avr32/drivers/flashc/flashc.o
 .text.flashc_read_all_gp_fuses
                0x00000000       0x26 src/asf/avr32/drivers/flashc/flashc.o
 .text.flashc_read_gp_fuse_byte
                0x00000000       0x44 src/asf/avr32/drivers/flashc/flashc.o
 .text.flashc_read_gp_fuse_bitfield
                0x00000000       0x74 src/asf/avr32/drivers/flashc/flashc.o
 .text.flashc_get_bootloader_protected_size
                0x00000000       0x20 src/asf/avr32/drivers/flashc/flashc.o
 .text.flashc_read_gp_fuse_bit
                0x00000000       0x3c src/asf/avr32/drivers/flashc/flashc.o
 .text.flashc_is_external_privileged_fetch_locked
                0x00000000       0x14 src/asf/avr32/drivers/flashc/flashc.o
 .text.flashc_erase_gp_fuse_bit
                0x00000000       0x2c src/asf/avr32/drivers/flashc/flashc.o
 .text.flashc_erase_gp_fuse_bitfield
                0x00000000       0x8c src/asf/avr32/drivers/flashc/flashc.o
 .text.flashc_erase_all_gp_fuses
                0x00000000       0x30 src/asf/avr32/drivers/flashc/flashc.o
 .text.flashc_write_gp_fuse_bit
                0x00000000       0x18 src/asf/avr32/drivers/flashc/flashc.o
 .text.flashc_write_gp_fuse_bitfield
                0x00000000       0x4c src/asf/avr32/drivers/flashc/flashc.o
 .text.flashc_write_gp_fuse_byte
                0x00000000       0x18 src/asf/avr32/drivers/flashc/flashc.o
 .text.flashc_erase_gp_fuse_byte
                0x00000000       0x74 src/asf/avr32/drivers/flashc/flashc.o
 .text.flashc_write_all_gp_fuses
                0x00000000       0x3c src/asf/avr32/drivers/flashc/flashc.o
 .text.flashc_set_gp_fuse_bit
                0x00000000       0x20 src/asf/avr32/drivers/flashc/flashc.o
 .text.flashc_lock_external_privileged_fetch
                0x00000000       0x18 src/asf/avr32/drivers/flashc/flashc.o
 .text.flashc_set_gp_fuse_bitfield
                0x00000000       0x4c src/asf/avr32/drivers/flashc/flashc.o
 .text.flashc_set_gp_fuse_byte
                0x00000000       0x4c src/asf/avr32/drivers/flashc/flashc.o
 .text.flashc_set_all_gp_fuses
                0x00000000       0x54 src/asf/avr32/drivers/flashc/flashc.o
 .text.flashc_clear_page_buffer
                0x00000000       0x10 src/asf/avr32/drivers/flashc/flashc.o
 .text.flashc_is_page_erased
                0x00000000        0xc src/asf/avr32/drivers/flashc/flashc.o
 .text.flashc_quick_page_read
                0x00000000       0x18 src/asf/avr32/drivers/flashc/flashc.o
 .text.flashc_erase_page
                0x00000000       0x38 src/asf/avr32/drivers/flashc/flashc.o
 .text.flashc_erase_all_pages
                0x00000000       0x48 src/asf/avr32/drivers/flashc/flashc.o
 .text.flashc_write_page
                0x00000000       0x10 src/asf/avr32/drivers/flashc/flashc.o
 .text.flashc_quick_user_page_read
                0x00000000       0x18 src/asf/avr32/drivers/flashc/flashc.o
 .text.flashc_erase_user_page
                0x00000000       0x28 src/asf/avr32/drivers/flashc/flashc.o
 .text.flashc_write_user_page
                0x00000000       0x10 src/asf/avr32/drivers/flashc/flashc.o
 .text.flashc_memset64
                0x00000000      0x238 src/asf/avr32/drivers/flashc/flashc.o
 .text.flashc_memset32
                0x00000000       0x20 src/asf/avr32/drivers/flashc/flashc.o
 .text.flashc_memset16
                0x00000000       0x10 src/asf/avr32/drivers/flashc/flashc.o
 .text.flashc_memset8
                0x00000000       0x14 src/asf/avr32/drivers/flashc/flashc.o
 .text.flashc_memcpy
                0x00000000       0xfc src/asf/avr32/drivers/flashc/flashc.o
 .text.flashc_set_bootloader_protected_size
                0x00000000       0x54 src/asf/avr32/drivers/flashc/flashc.o
 .rodata.C.35.10428
                0x00000000       0x10 src/asf/avr32/drivers/flashc/flashc.o
 .data.flashc_wait_until_ready
                0x00000000        0x4 src/asf/avr32/drivers/flashc/flashc.o
 .bss.flashc_error_status
                0x00000000        0x4 src/asf/avr32/drivers/flashc/flashc.o
 .text          0x00000000        0x0 src/asf/avr32/drivers/gpio/gpio.o
 .data          0x00000000        0x0 src/asf/avr32/drivers/gpio/gpio.o
 .bss           0x00000000        0x0 src/asf/avr32/drivers/gpio/gpio.o
 .text.gpio_enable_module_pin
                0x00000000       0x52 src/asf/avr32/drivers/gpio/gpio.o
 .text.gpio_enable_module
                0x00000000       0x30 src/asf/avr32/drivers/gpio/gpio.o
 .text.gpio_enable_gpio_pin
                0x00000000       0x18 src/asf/avr32/drivers/gpio/gpio.o
 .text.gpio_enable_gpio
                0x00000000       0x28 src/asf/avr32/drivers/gpio/gpio.o
 .text.gpio_enable_pin_pull_up
                0x00000000       0x16 src/asf/avr32/drivers/gpio/gpio.o
 .text.gpio_disable_pin_pull_up
                0x00000000       0x16 src/asf/avr32/drivers/gpio/gpio.o
 .text.gpio_configure_group
                0x00000000       0x6e src/asf/avr32/drivers/gpio/gpio.o
 .text.gpio_get_pin_value
                0x00000000       0x16 src/asf/avr32/drivers/gpio/gpio.o
 .text.gpio_get_gpio_pin_output_value
                0x00000000       0x16 src/asf/avr32/drivers/gpio/gpio.o
 .text.gpio_get_gpio_open_drain_pin_output_value
                0x00000000       0x1a src/asf/avr32/drivers/gpio/gpio.o
 .text.gpio_set_gpio_pin
                0x00000000       0x1c src/asf/avr32/drivers/gpio/gpio.o
 .text.gpio_set_pin_high
                0x00000000       0x16 src/asf/avr32/drivers/gpio/gpio.o
 .text.gpio_set_group_high
                0x00000000        0xc src/asf/avr32/drivers/gpio/gpio.o
 .text.gpio_set_pin_low
                0x00000000       0x16 src/asf/avr32/drivers/gpio/gpio.o
 .text.gpio_clr_gpio_pin
                0x00000000       0x1c src/asf/avr32/drivers/gpio/gpio.o
 .text.gpio_set_group_low
                0x00000000        0xc src/asf/avr32/drivers/gpio/gpio.o
 .text.gpio_tgl_gpio_pin
                0x00000000       0x1c src/asf/avr32/drivers/gpio/gpio.o
 .text.gpio_toggle_pin
                0x00000000       0x16 src/asf/avr32/drivers/gpio/gpio.o
 .text.gpio_toggle_group
                0x00000000        0xc src/asf/avr32/drivers/gpio/gpio.o
 .text.gpio_set_gpio_open_drain_pin
                0x00000000       0x18 src/asf/avr32/drivers/gpio/gpio.o
 .text.gpio_clr_gpio_open_drain_pin
                0x00000000       0x1c src/asf/avr32/drivers/gpio/gpio.o
 .text.gpio_tgl_gpio_open_drain_pin
                0x00000000       0x1c src/asf/avr32/drivers/gpio/gpio.o
 .text.gpio_enable_pin_glitch_filter
                0x00000000       0x16 src/asf/avr32/drivers/gpio/gpio.o
 .text.gpio_disable_pin_glitch_filter
                0x00000000       0x16 src/asf/avr32/drivers/gpio/gpio.o
 .text.gpio_enable_pin_interrupt
                0x00000000       0x46 src/asf/avr32/drivers/gpio/gpio.o
 .text.gpio_disable_pin_interrupt
                0x00000000       0x16 src/asf/avr32/drivers/gpio/gpio.o
 .text.gpio_get_pin_interrupt_flag
                0x00000000       0x18 src/asf/avr32/drivers/gpio/gpio.o
 .text.gpio_clear_pin_interrupt_flag
                0x00000000       0x16 src/asf/avr32/drivers/gpio/gpio.o
 .text          0x00000000        0x0 src/asf/avr32/drivers/intc/exception.o
 .data          0x00000000        0x0 src/asf/avr32/drivers/intc/exception.o
 .bss           0x00000000        0x0 src/asf/avr32/drivers/intc/exception.o
 .text          0x00000000        0x0 src/asf/avr32/drivers/intc/intc.o
 .data          0x00000000        0x0 src/asf/avr32/drivers/intc/intc.o
 .bss           0x00000000        0x0 src/asf/avr32/drivers/intc/intc.o
 .text._unhandled_interrupt
                0x00000000        0x2 src/asf/avr32/drivers/intc/intc.o
 .text.INTC_register_interrupt
                0x00000000       0x80 src/asf/avr32/drivers/intc/intc.o
 .text.INTC_init_interrupts
                0x00000000       0x54 src/asf/avr32/drivers/intc/intc.o
 .text          0x00000000        0x0 src/asf/avr32/utils/startup/startup_uc3.o
 .data          0x00000000        0x0 src/asf/avr32/utils/startup/startup_uc3.o
 .bss           0x00000000        0x0 src/asf/avr32/utils/startup/startup_uc3.o
 .reset         0x00000000        0x8 src/asf/avr32/utils/startup/startup_uc3.o
 .text          0x00000000        0x0 src/asf/avr32/utils/startup/trampoline_uc3.o
 .data          0x00000000        0x0 src/asf/avr32/utils/startup/trampoline_uc3.o
 .bss           0x00000000        0x0 src/asf/avr32/utils/startup/trampoline_uc3.o
 .text          0x00000000        0x0 src/asf/common/services/clock/uc3a0_a1/sysclk.o
 .data          0x00000000        0x0 src/asf/common/services/clock/uc3a0_a1/sysclk.o
 .bss           0x00000000        0x0 src/asf/common/services/clock/uc3a0_a1/sysclk.o
 .text.sysclk_priv_disable_module
                0x00000000       0x2c src/asf/common/services/clock/uc3a0_a1/sysclk.o
 .text.sysclk_disable_pbb_module
                0x00000000       0x38 src/asf/common/services/clock/uc3a0_a1/sysclk.o
 .text.sysclk_disable_usb
                0x00000000       0x24 src/asf/common/services/clock/uc3a0_a1/sysclk.o
 .text.sysclk_priv_enable_module
                0x00000000       0x2a src/asf/common/services/clock/uc3a0_a1/sysclk.o
 .text.sysclk_enable_pbb_module
                0x00000000       0x40 src/asf/common/services/clock/uc3a0_a1/sysclk.o
 .text.sysclk_enable_usb
                0x00000000       0x54 src/asf/common/services/clock/uc3a0_a1/sysclk.o
 .bss.sysclk_pbb_refcount
                0x00000000        0x1 src/asf/common/services/clock/uc3a0_a1/sysclk.o
 .text          0x00000000        0x0 src/clock_example2_uc3.o
 .data          0x00000000        0x0 src/clock_example2_uc3.o
 .bss           0x00000000        0x0 src/clock_example2_uc3.o
 .text          0x00000000      0x148 c:/program files (x86)/atmel/atmel studio 6.0/extensions/atmel/avrgcc/3.3.2.31/avrtoolchain/bin/../lib/gcc/avr32/4.4.3/../../../../avr32/lib/ucr2\libc.a(lib_a-memcpy.o)
 .data          0x00000000        0x0 c:/program files (x86)/atmel/atmel studio 6.0/extensions/atmel/avrgcc/3.3.2.31/avrtoolchain/bin/../lib/gcc/avr32/4.4.3/../../../../avr32/lib/ucr2\libc.a(lib_a-memcpy.o)
 .bss           0x00000000        0x0 c:/program files (x86)/atmel/atmel studio 6.0/extensions/atmel/avrgcc/3.3.2.31/avrtoolchain/bin/../lib/gcc/avr32/4.4.3/../../../../avr32/lib/ucr2\libc.a(lib_a-memcpy.o)

Memory Configuration

Name             Origin             Length             Attributes
FLASH            0x80000000         0x00080000         axrl !w
INTRAM           0x00000004         0x0000fffc         axw !rl
USERPAGE         0x80800000         0x00000200
*default*        0x00000000         0xffffffff

Linker script and memory map

                0x00001000                _stack_size = 0x1000
LOAD src/asf/avr32/boards/evk1100/init.o
LOAD src/asf/avr32/drivers/flashc/flashc.o
LOAD src/asf/avr32/drivers/gpio/gpio.o
LOAD src/asf/avr32/drivers/intc/exception.o
LOAD src/asf/avr32/drivers/intc/intc.o
LOAD src/asf/avr32/utils/startup/startup_uc3.o
LOAD src/asf/avr32/utils/startup/trampoline_uc3.o
LOAD src/asf/common/services/clock/uc3a0_a1/sysclk.o
LOAD src/clock_example2_uc3.o
START GROUP
LOAD c:/program files (x86)/atmel/atmel studio 6.0/extensions/atmel/avrgcc/3.3.2.31/avrtoolchain/bin/../lib/gcc/avr32/4.4.3/../../../../avr32/lib/ucr2\libm.a
END GROUP
LOAD c:/program files (x86)/atmel/atmel studio 6.0/extensions/atmel/avrgcc/3.3.2.31/avrtoolchain/bin/../lib/gcc/avr32/4.4.3/ucr2\libgcc.a
LOAD c:/program files (x86)/atmel/atmel studio 6.0/extensions/atmel/avrgcc/3.3.2.31/avrtoolchain/bin/../lib/gcc/avr32/4.4.3/../../../../avr32/lib/ucr2\libc.a
LOAD c:/program files (x86)/atmel/atmel studio 6.0/extensions/atmel/avrgcc/3.3.2.31/avrtoolchain/bin/../lib/gcc/avr32/4.4.3/ucr2\libgcc.a
                0xffffffff                __max_heap_size__ = 0xffffffff
                [0xffffffff]                __heap_size__ = DEFINED (__heap_size__)?__heap_size__:__max_heap_size__
                [0x00001000]                __stack_size__ = DEFINED (__stack_size__)?__stack_size__:0x1000
                0x80000000                PROVIDE (__executable_start, 0x80000000)
                0x80000000                . = 0x80000000

.interp
 *(.interp)

.reset          0x80000000     0x2004
 *(.reset)
 .reset         0x80000000     0x2004 src/asf/avr32/utils/startup/trampoline_uc3.o
                               0x2008 (size before relaxing)
                0x80000000                _trampoline

.hash
 *(.hash)

.dynsym
 *(.dynsym)

.dynstr
 *(.dynstr)

.gnu.version
 *(.gnu.version)

.gnu.version_d
 *(.gnu.version_d)

.gnu.version_r
 *(.gnu.version_r)

.rel.init
 *(.rel.init)

.rela.init
 *(.rela.init)

.rel.text
 *(.rel.text .rel.text.* .rel.gnu.linkonce.t.*)

.rela.text
 *(.rela.text .rela.text.* .rela.gnu.linkonce.t.*)

.rel.fini
 *(.rel.fini)

.rela.fini
 *(.rela.fini)

.rel.rodata
 *(.rel.rodata .rel.rodata.* .rel.gnu.linkonce.r.*)

.rela.rodata
 *(.rela.rodata .rela.rodata.* .rela.gnu.linkonce.r.*)

.rel.data.rel.ro
 *(.rel.data.rel.ro*)

.rela.data.rel.ro
 *(.rel.data.rel.ro*)

.rel.data
 *(.rel.data .rel.data.* .rel.gnu.linkonce.d.*)

.rela.data
 *(.rela.data .rela.data.* .rela.gnu.linkonce.d.*)

.rel.tdata
 *(.rel.tdata .rel.tdata.* .rel.gnu.linkonce.td.*)

.rela.tdata
 *(.rela.tdata .rela.tdata.* .rela.gnu.linkonce.td.*)

.rel.tbss
 *(.rel.tbss .rel.tbss.* .rel.gnu.linkonce.tb.*)

.rela.tbss
 *(.rela.tbss .rela.tbss.* .rela.gnu.linkonce.tb.*)

.rel.ctors
 *(.rel.ctors)

.rela.ctors
 *(.rela.ctors)

.rel.dtors
 *(.rel.dtors)

.rela.dtors
 *(.rela.dtors)

.rel.got
 *(.rel.got)

.rela.got       0x80002004        0x0
 *(.rela.got)
 .rela.got      0x80002004        0x0 src/asf/avr32/drivers/flashc/flashc.o

.rel.bss
 *(.rel.bss .rel.bss.* .rel.gnu.linkonce.b.*)

.rela.bss
 *(.rela.bss .rela.bss.* .rela.gnu.linkonce.b.*)

.rel.plt
 *(.rel.plt)

.rela.plt
 *(.rela.plt)

.init
 *(.init)

.plt
 *(.plt)

.text           0x80002004      0x2dc
 *(.text .stub .text.* .gnu.linkonce.t.*)
 .text.board_init
                0x80002004       0x80 src/asf/avr32/boards/evk1100/init.o
                0x80002004                board_init
 .text.flashc_set_wait_state
                0x80002084        0xe src/asf/avr32/drivers/flashc/flashc.o
                0x80002084                flashc_set_wait_state
 *fill*         0x80002092        0x2 d703d703
 .text.flashc_set_bus_freq
                0x80002094       0x24 src/asf/avr32/drivers/flashc/flashc.o
                0x80002094                flashc_set_bus_freq
 .text.gpio_configure_pin
                0x800020b8       0xb8 src/asf/avr32/drivers/gpio/gpio.o
                0x800020b8                gpio_configure_pin
 .text._get_interrupt_handler
                0x80002170       0x38 src/asf/avr32/drivers/intc/intc.o
                0x80002170                _get_interrupt_handler
 .text._stext   0x800021a8       0x3c src/asf/avr32/utils/startup/startup_uc3.o
                                 0x50 (size before relaxing)
                0x800021a8                _stext
 .text.sysclk_init
                0x800021e4       0x8c src/asf/common/services/clock/uc3a0_a1/sysclk.o
                0x800021e4                sysclk_init
 .text.main     0x80002270       0x70 src/clock_example2_uc3.o
                0x80002270                main
 *(.text.*personality*)
 *(.gnu.warning)

.exception      0x80002400      0x200
 .exception     0x80002400      0x200 src/asf/avr32/drivers/intc/exception.o
                0x80002400                _evba
                0x80002504                _int0
                0x80002510                _int1
                0x8000251c                _int2
                0x80002528                _int3

.fini
 *(.fini)
                0x80002600                PROVIDE (__etext, .)
                0x80002600                PROVIDE (_etext, .)
                0x80002600                PROVIDE (etext, .)

.rodata         0x80002600       0xa0
 *(.rodata .rodata.* .gnu.linkonce.r.*)
 .rodata._int_handler_table
                0x80002600       0xa0 src/asf/avr32/drivers/intc/intc.o

.rodata1
 *(.rodata1)

.eh_frame_hdr
 *(.eh_frame_hdr)

.eh_frame
 *(.eh_frame)

.gcc_except_table
 *(.gcc_except_table)
 *(.gcc_except_table.*)

.lalign         0x800026a0        0x0
                0x800026a0                . = ALIGN (0x8)
                0x800026a0                PROVIDE (_data_lma, .)
                0x00000004                . = 0x4

.dalign         0x00000004        0x4
                0x00000008                . = ALIGN (0x8)
 *fill*         0x00000004        0x4 00
                0x00000008                PROVIDE (_data, .)

.eh_frame
 *(.eh_frame)

.gcc_except_table
 *(.gcc_except_table)
 *(.gcc_except_table.*)

.tdata
 *(.tdata .tdata.* .gnu.linkonce.td.*)

.tbss
 *(.tbss .tbss.* .gnu.linkonce.tb.*)
 *(.tcommon)
                0x00000008                PROVIDE (__preinit_array_start, ALIGN (0x4))

.preinit_array
 *(.preinit_array)
                0x00000008                PROVIDE (__preinit_array_end, .)
                0x00000008                PROVIDE (__init_array_start, .)

.init_array
 *(.init_array)
                0x00000008                PROVIDE (__init_array_end, .)
                0x00000008                PROVIDE (__fini_array_start, .)

.fini_array
 *(.fini_array)
                0x00000008                PROVIDE (__fini_array_end, .)

.ctors
 *crtbegin*.o(.ctors)
 *(EXCLUDE_FILE(*crtend*.o) .ctors)
 *(SORT(.ctors.*))
 *(.ctors)

.dtors
 *crtbegin*.o(.dtors)
 *(EXCLUDE_FILE(*crtend*.o) .dtors)
 *(SORT(.dtors.*))
 *(.dtors)

.jcr
 *(.jcr)

.data.rel.ro
 *(.data.rel.ro.local)
 *(.data.rel.ro*)

.dynamic
 *(.dynamic)

.got
 *(.got.plt)
 *(.got)

.ramtext
 *(.ramtext .ramtext.*)

.ddalign        0x00000008        0x0 load address 0x800026a0
                0x00000008                . = ALIGN (0x8)

.data
 *(.data .data.* .gnu.linkonce.d.*)
 *(.gnu.linkonce.d.*personality*)

.data1
 *(.data1)

.balign         0x00000008        0x0 load address 0x800026a0
                0x00000008                . = ALIGN (0x8)
                0x00000008                PROVIDE (_edata, .)
                0x00000008                PROVIDE (edata, .)
                0x00000008                __bss_start = .

.bss            0x00000008       0xf0
 *(.dynbss)
 *(.bss .bss.* .gnu.linkonce.b.*)
 .bss._int_line_handler_table_6
                0x00000008        0x4 src/asf/avr32/drivers/intc/intc.o
 .bss._int_line_handler_table_7
                0x0000000c        0x4 src/asf/avr32/drivers/intc/intc.o
 .bss._int_line_handler_table_8
                0x00000010        0x4 src/asf/avr32/drivers/intc/intc.o
 .bss._int_line_handler_table_9
                0x00000014        0x4 src/asf/avr32/drivers/intc/intc.o
 .bss._int_line_handler_table_10
                0x00000018        0x4 src/asf/avr32/drivers/intc/intc.o
 .bss._int_line_handler_table_11
                0x0000001c        0x4 src/asf/avr32/drivers/intc/intc.o
 .bss._int_line_handler_table_12
                0x00000020        0x4 src/asf/avr32/drivers/intc/intc.o
 .bss._int_line_handler_table_13
                0x00000024        0x4 src/asf/avr32/drivers/intc/intc.o
 .bss._int_line_handler_table_14
                0x00000028        0xc src/asf/avr32/drivers/intc/intc.o
 .bss._int_line_handler_table_15
                0x00000034        0x4 src/asf/avr32/drivers/intc/intc.o
 .bss._int_line_handler_table_16
                0x00000038        0x4 src/asf/avr32/drivers/intc/intc.o
 .bss._int_line_handler_table_17
                0x0000003c        0x4 src/asf/avr32/drivers/intc/intc.o
 .bss._int_line_handler_table_18
                0x00000040        0x4 src/asf/avr32/drivers/intc/intc.o
 .bss._int_line_handler_table_19
                0x00000044        0x4 src/asf/avr32/drivers/intc/intc.o
 .bss._int_line_handler_table_0
                0x00000048        0x4 src/asf/avr32/drivers/intc/intc.o
 .bss._int_line_handler_table_1
                0x0000004c       0x2c src/asf/avr32/drivers/intc/intc.o
 .bss._int_line_handler_table_2
                0x00000078       0x38 src/asf/avr32/drivers/intc/intc.o
 .bss._int_line_handler_table_3
                0x000000b0       0x3c src/asf/avr32/drivers/intc/intc.o
 .bss._int_line_handler_table_4
                0x000000ec        0x4 src/asf/avr32/drivers/intc/intc.o
 .bss._int_line_handler_table_5
                0x000000f0        0x4 src/asf/avr32/drivers/intc/intc.o
 *(COMMON)
                0x000000f8                . = ALIGN (0x8)
 *fill*         0x000000f4        0x4 00
                0x000000f8                . = ALIGN (0x8)
                0x000000f8                _end = .
                0x000000f8                PROVIDE (end, .)
                0x000000f8                __heap_start__ = ALIGN (0x8)

.heap           0x000000f8     0xef08
 *(.heap)
                0x0000f000                . = (__heap_size__ == __max_heap_size__)?((0x10000 - __stack_size__) - ABSOLUTE (.)):__heap_size__
 *fill*         0x000000f8     0xef08 00
                0x0000f000                __heap_end__ = .

.stab
 *(.stab)

.stabstr
 *(.stabstr)

.stab.excl
 *(.stab.excl)

.stab.exclstr
 *(.stab.exclstr)

.stab.index
 *(.stab.index)

.stab.indexstr
 *(.stab.indexstr)

.comment        0x00000000       0x30
 *(.comment)
 .comment       0x00000000       0x30 src/asf/avr32/boards/evk1100/init.o
                                 0x31 (size before relaxing)
 .comment       0x00000000       0x31 src/asf/avr32/drivers/flashc/flashc.o
 .comment       0x00000000       0x31 src/asf/avr32/drivers/gpio/gpio.o
 .comment       0x00000000       0x31 src/asf/avr32/drivers/intc/intc.o
 .comment       0x00000000       0x31 src/asf/common/services/clock/uc3a0_a1/sysclk.o
 .comment       0x00000000       0x31 src/clock_example2_uc3.o

.debug
 *(.debug)

.line
 *(.line)

.debug_srcinfo
 *(.debug_srcinfo)

.debug_sfnames
 *(.debug_sfnames)

.debug_aranges  0x00000000      0x448
 *(.debug_aranges)
 .debug_aranges
                0x00000000       0x20 src/asf/avr32/boards/evk1100/init.o
 .debug_aranges
                0x00000020      0x218 src/asf/avr32/drivers/flashc/flashc.o
 .debug_aranges
                0x00000238      0x100 src/asf/avr32/drivers/gpio/gpio.o
 .debug_aranges
                0x00000338       0x20 src/asf/avr32/drivers/intc/exception.o
 .debug_aranges
                0x00000358       0x38 src/asf/avr32/drivers/intc/intc.o
 .debug_aranges
                0x00000390       0x28 src/asf/avr32/utils/startup/startup_uc3.o
 .debug_aranges
                0x000003b8       0x20 src/asf/avr32/utils/startup/trampoline_uc3.o
 .debug_aranges
                0x000003d8       0x50 src/asf/common/services/clock/uc3a0_a1/sysclk.o
 .debug_aranges
                0x00000428       0x20 src/clock_example2_uc3.o

.debug_pubnames
                0x00000000      0xc06
 *(.debug_pubnames)
 .debug_pubnames
                0x00000000       0x21 src/asf/avr32/boards/evk1100/init.o
 .debug_pubnames
                0x00000021      0x771 src/asf/avr32/drivers/flashc/flashc.o
 .debug_pubnames
                0x00000792      0x330 src/asf/avr32/drivers/gpio/gpio.o
 .debug_pubnames
                0x00000ac2       0x62 src/asf/avr32/drivers/intc/intc.o
 .debug_pubnames
                0x00000b24       0xc7 src/asf/common/services/clock/uc3a0_a1/sysclk.o
 .debug_pubnames
                0x00000beb       0x1b src/clock_example2_uc3.o

.debug_info     0x00000000     0x5a64
 *(.debug_info .gnu.linkonce.wi.*)
 .debug_info    0x00000000       0xa8 src/asf/avr32/boards/evk1100/init.o
 .debug_info    0x000000a8     0x1c06 src/asf/avr32/drivers/flashc/flashc.o
 .debug_info    0x00001cae      0xb1b src/asf/avr32/drivers/gpio/gpio.o
 .debug_info    0x000027c9       0x9c src/asf/avr32/drivers/intc/exception.o
 .debug_info    0x00002865      0x5b0 src/asf/avr32/drivers/intc/intc.o
 .debug_info    0x00002e15       0x9b src/asf/avr32/utils/startup/startup_uc3.o
 .debug_info    0x00002eb0       0xa2 src/asf/avr32/utils/startup/trampoline_uc3.o
 .debug_info    0x00002f52     0x17ed src/asf/common/services/clock/uc3a0_a1/sysclk.o
 .debug_info    0x0000473f     0x1325 src/clock_example2_uc3.o

.debug_abbrev   0x00000000      0xd2b
 *(.debug_abbrev)
 .debug_abbrev  0x00000000       0x4c src/asf/avr32/boards/evk1100/init.o
 .debug_abbrev  0x0000004c      0x326 src/asf/avr32/drivers/flashc/flashc.o
 .debug_abbrev  0x00000372      0x28b src/asf/avr32/drivers/gpio/gpio.o
 .debug_abbrev  0x000005fd       0x14 src/asf/avr32/drivers/intc/exception.o
 .debug_abbrev  0x00000611      0x1f2 src/asf/avr32/drivers/intc/intc.o
 .debug_abbrev  0x00000803       0x12 src/asf/avr32/utils/startup/startup_uc3.o
 .debug_abbrev  0x00000815       0x14 src/asf/avr32/utils/startup/trampoline_uc3.o
 .debug_abbrev  0x00000829      0x2be src/asf/common/services/clock/uc3a0_a1/sysclk.o
 .debug_abbrev  0x00000ae7      0x244 src/clock_example2_uc3.o

.debug_line     0x00000000     0x35f6
 *(.debug_line)
 .debug_line    0x00000000      0x6fb src/asf/avr32/boards/evk1100/init.o
 .debug_line    0x000006fb      0xbf3 src/asf/avr32/drivers/flashc/flashc.o
 .debug_line    0x000012ee      0x8df src/asf/avr32/drivers/gpio/gpio.o
 .debug_line    0x00001bcd      0x109 src/asf/avr32/drivers/intc/exception.o
 .debug_line    0x00001cd6      0x6ac src/asf/avr32/drivers/intc/intc.o
 .debug_line    0x00002382       0xf2 src/asf/avr32/utils/startup/startup_uc3.o
 .debug_line    0x00002474       0x67 src/asf/avr32/utils/startup/trampoline_uc3.o
 .debug_line    0x000024db      0x921 src/asf/common/services/clock/uc3a0_a1/sysclk.o
 .debug_line    0x00002dfc      0x7fa src/clock_example2_uc3.o

.debug_frame    0x00000000      0xa0c
 *(.debug_frame)
 .debug_frame   0x00000000       0x28 src/asf/avr32/boards/evk1100/init.o
 .debug_frame   0x00000028      0x6a4 src/asf/avr32/drivers/flashc/flashc.o
 .debug_frame   0x000006cc      0x204 src/asf/avr32/drivers/gpio/gpio.o
 .debug_frame   0x000008d0       0x64 src/asf/avr32/drivers/intc/intc.o
 .debug_frame   0x00000934       0xb0 src/asf/common/services/clock/uc3a0_a1/sysclk.o
 .debug_frame   0x000009e4       0x28 src/clock_example2_uc3.o

.debug_str      0x00000000     0x1a54
 *(.debug_str)
 .debug_str     0x00000000       0xeb src/asf/avr32/boards/evk1100/init.o
                                0x124 (size before relaxing)
 .debug_str     0x000000eb      0xaa9 src/asf/avr32/drivers/flashc/flashc.o
                                0xc4a (size before relaxing)
 .debug_str     0x00000b94      0x427 src/asf/avr32/drivers/gpio/gpio.o
                                0x538 (size before relaxing)
 .debug_str     0x00000fbb      0x37d src/asf/avr32/drivers/intc/intc.o
                                0x48c (size before relaxing)
 .debug_str     0x00001338      0x6fb src/asf/common/services/clock/uc3a0_a1/sysclk.o
                                0x83a (size before relaxing)
 .debug_str     0x00001a33       0x21 src/clock_example2_uc3.o
                                0x6a7 (size before relaxing)

.debug_loc      0x00000000     0x166a
 *(.debug_loc)
 .debug_loc     0x00000000       0x1f src/asf/avr32/boards/evk1100/init.o
 .debug_loc     0x0000001f     0x10b0 src/asf/avr32/drivers/flashc/flashc.o
 .debug_loc     0x000010cf      0x368 src/asf/avr32/drivers/gpio/gpio.o
 .debug_loc     0x00001437       0xd3 src/asf/avr32/drivers/intc/intc.o
 .debug_loc     0x0000150a      0x141 src/asf/common/services/clock/uc3a0_a1/sysclk.o
 .debug_loc     0x0000164b       0x1f src/clock_example2_uc3.o

.debug_macinfo  0x00000000   0x5710ef
 *(.debug_macinfo)
 .debug_macinfo
                0x00000000    0xe8bf4 src/asf/avr32/boards/evk1100/init.o
 .debug_macinfo
                0x000e8bf4    0xe6d49 src/asf/avr32/drivers/flashc/flashc.o
 .debug_macinfo
                0x001cf93d    0xe6ea6 src/asf/avr32/drivers/gpio/gpio.o
 .debug_macinfo
                0x002b67e3    0xe6ed4 src/asf/avr32/drivers/intc/intc.o
 .debug_macinfo
                0x0039d6b7    0xe9ca9 src/asf/common/services/clock/uc3a0_a1/sysclk.o
 .debug_macinfo
                0x00487360    0xe9d8f src/clock_example2_uc3.o

.debug_weaknames
 *(.debug_weaknames)

.debug_funcnames
 *(.debug_funcnames)

.debug_typenames
 *(.debug_typenames)

.debug_varnames
 *(.debug_varnames)

.stack          0x0000f000     0x1000
                0x0000f000                _stack = .
 *(.stack)
                0x00001000                . = __stack_size__
 *fill*         0x0000f000     0x1000 00
                0x00010000                _estack = .

.userpage
 *(.userpage .userpage.*)

/DISCARD/
 *(.note.GNU-stack)
OUTPUT(CLOCK_EXAMPLE24.elf elf32-avr32)

.debug_ranges   0x00000000      0x3e8
 .debug_ranges  0x00000000       0x18 src/asf/avr32/boards/evk1100/init.o
 .debug_ranges  0x00000018      0x210 src/asf/avr32/drivers/flashc/flashc.o
 .debug_ranges  0x00000228       0xf8 src/asf/avr32/drivers/gpio/gpio.o
 .debug_ranges  0x00000320       0x48 src/asf/avr32/drivers/intc/intc.o
 .debug_ranges  0x00000368       0x20 src/asf/avr32/utils/startup/startup_uc3.o
 .debug_ranges  0x00000388       0x48 src/asf/common/services/clock/uc3a0_a1/sysclk.o
 .debug_ranges  0x000003d0       0x18 src/clock_example2_uc3.o
